2026-03-06 16:39:42	START scanner_company_rank mode
2026-03-06 16:39:42	BOOT keep existing watchlist n=4 head=['229200', '336260', '032820', '052400']
2026-03-06 16:39:55	rank raw_watch n=18 head=['052690', '107640', '233740', '309710', '083450', '126340', '006920', '078350', '089970', '000720']
2026-03-06 16:39:55	rank stable_watch n=18 head=['052690', '107640', '233740', '309710', '083450', '126340', '006920', '078350', '089970', '000720']
2026-03-06 16:39:55	rank integrity total=18 unique=18 bad_format=0 dup=0 low_price=0 quote_miss=off
2026-03-06 16:39:55	rank detail radar_combo markets=['J'] pool=84 selected=18 volume_rank=29 strength=55 condition=0 drop_price=31 drop_chg=13 drop_heat=21 drop_tv=1 drop_vol=0 drop_spread=0 drop_score=0
2026-03-06 16:39:55	rank source rank_pref=0 rank_backup=0 volume_rank=4 strength=14 condition=0 fallback=0
2026-03-06 16:40:02	watchlist updated
2026-03-06 16:40:16	rank raw_watch n=17 head=['052690', '107640', '233740', '083450', '126340', '006920', '078350', '089970', '000720', '127120']
2026-03-06 16:40:16	rank stable_watch n=17 head=['052690', '107640', '233740', '083450', '126340', '006920', '078350', '089970', '000720', '127120']
2026-03-06 16:40:16	rank integrity total=17 unique=17 bad_format=0 dup=0 low_price=0 quote_miss=off
2026-03-06 16:40:16	rank detail radar_combo markets=['J'] pool=84 selected=17 volume_rank=29 strength=55 condition=0 drop_price=31 drop_chg=14 drop_heat=21 drop_tv=1 drop_vol=0 drop_spread=0 drop_score=0
2026-03-06 16:40:16	rank source rank_pref=0 rank_backup=0 volume_rank=4 strength=13 condition=0 fallback=0
2026-03-06 16:40:23	watchlist updated
2026-03-06 16:40:37	rank raw_watch n=15 head=['233740', '083450', '126340', '006920', '078350', '089970', '127120', '000720', '200710', '468530']
2026-03-06 16:40:37	rank stable_watch n=15 head=['233740', '083450', '126340', '006920', '078350', '089970', '127120', '000720', '200710', '468530']
2026-03-06 16:40:37	rank integrity total=15 unique=15 bad_format=0 dup=0 low_price=0 quote_miss=off
2026-03-06 16:40:37	rank detail radar_combo markets=['J'] pool=84 selected=15 volume_rank=29 strength=55 condition=0 drop_price=31 drop_chg=17 drop_heat=20 drop_tv=1 drop_vol=0 drop_spread=0 drop_score=0
2026-03-06 16:40:37	rank source rank_pref=0 rank_backup=0 volume_rank=4 strength=11 condition=0 fallback=0
2026-03-06 16:40:43	watchlist updated
2026-03-06 16:40:57	rank raw_watch n=15 head=['233740', '083450', '126340', '006920', '078350', '089970', '000720', '127120', '200710', '468530']
2026-03-06 16:40:57	rank stable_watch n=15 head=['233740', '083450', '126340', '006920', '078350', '089970', '000720', '127120', '200710', '468530']
2026-03-06 16:40:57	rank integrity total=15 unique=15 bad_format=0 dup=0 low_price=0 quote_miss=off
2026-03-06 16:40:57	rank detail radar_combo markets=['J'] pool=84 selected=15 volume_rank=29 strength=55 condition=0 drop_price=31 drop_chg=17 drop_heat=20 drop_tv=1 drop_vol=0 drop_spread=0 drop_score=0
2026-03-06 16:40:57	rank source rank_pref=0 rank_backup=0 volume_rank=4 strength=11 condition=0 fallback=0
2026-03-06 16:41:03	watchlist updated
2026-03-06 16:41:17	rank raw_watch n=16 head=['052690', '233740', '083450', '126340', '006920', '078350', '089970', '000720', '127120', '200710']
2026-03-06 16:41:17	rank stable_watch n=16 head=['052690', '233740', '083450', '126340', '006920', '078350', '089970', '000720', '127120', '200710']
2026-03-06 16:41:17	rank integrity total=16 unique=16 bad_format=0 dup=0 low_price=0 quote_miss=off
2026-03-06 16:41:17	rank detail radar_combo markets=['J'] pool=84 selected=16 volume_rank=29 strength=55 condition=0 drop_price=31 drop_chg=16 drop_heat=20 drop_tv=1 drop_vol=0 drop_spread=0 drop_score=0
2026-03-06 16:41:17	rank source rank_pref=0 rank_backup=0 volume_rank=4 strength=12 condition=0 fallback=0
2026-03-06 16:41:24	watchlist updated
2026-03-06 16:41:38	rank raw_watch n=16 head=['052690', '233740', '083450', '126340', '006920', '078350', '089970', '000720', '127120', '200710']
2026-03-06 16:41:38	rank stable_watch n=16 head=['052690', '233740', '083450', '126340', '006920', '078350', '089970', '000720', '127120', '200710']
2026-03-06 16:41:38	rank integrity total=16 unique=16 bad_format=0 dup=0 low_price=0 quote_miss=off
2026-03-06 16:41:38	rank detail radar_combo markets=['J'] pool=84 selected=16 volume_rank=29 strength=55 condition=0 drop_price=31 drop_chg=16 drop_heat=20 drop_tv=1 drop_vol=0 drop_spread=0 drop_score=0
2026-03-06 16:41:38	rank source rank_pref=0 rank_backup=0 volume_rank=4 strength=12 condition=0 fallback=0
2026-03-06 16:41:44	watchlist unchanged
2026-03-06 16:41:58	rank raw_watch n=16 head=['052690', '233740', '083450', '006920', '126340', '078350', '089970', '000720', '127120', '200710']
2026-03-06 16:41:58	rank stable_watch n=16 head=['052690', '233740', '083450', '006920', '126340', '078350', '089970', '000720', '127120', '200710']
2026-03-06 16:41:58	rank integrity total=16 unique=16 bad_format=0 dup=0 low_price=0 quote_miss=off
2026-03-06 16:41:58	rank detail radar_combo markets=['J'] pool=84 selected=16 volume_rank=29 strength=55 condition=0 drop_price=31 drop_chg=16 drop_heat=20 drop_tv=1 drop_vol=0 drop_spread=0 drop_score=0
2026-03-06 16:41:58	rank source rank_pref=0 rank_backup=0 volume_rank=4 strength=12 condition=0 fallback=0
2026-03-06 16:42:04	watchlist updated
2026-03-06 16:42:19	rank raw_watch n=16 head=['052690', '107640', '233740', '006920', '126340', '078350', '089970', '000720', '127120', '200710']
2026-03-06 16:42:19	rank stable_watch n=16 head=['052690', '107640', '233740', '006920', '126340', '078350', '089970', '000720', '127120', '200710']
2026-03-06 16:42:19	rank integrity total=16 unique=16 bad_format=0 dup=0 low_price=0 quote_miss=off
2026-03-06 16:42:19	rank detail radar_combo markets=['J'] pool=84 selected=16 volume_rank=29 strength=55 condition=0 drop_price=31 drop_chg=16 drop_heat=20 drop_tv=1 drop_vol=0 drop_spread=0 drop_score=0
2026-03-06 16:42:19	rank source rank_pref=0 rank_backup=0 volume_rank=4 strength=12 condition=0 fallback=0
2026-03-06 16:42:25	watchlist updated
2026-03-06 16:42:39	rank raw_watch n=16 head=['052690', '233740', '083450', '006920', '126340', '078350', '089970', '000720', '127120', '200710']
2026-03-06 16:42:39	rank stable_watch n=16 head=['052690', '233740', '083450', '006920', '126340', '078350', '089970', '000720', '127120', '200710']
2026-03-06 16:42:39	rank integrity total=16 unique=16 bad_format=0 dup=0 low_price=0 quote_miss=off
2026-03-06 16:42:39	rank detail radar_combo markets=['J'] pool=84 selected=16 volume_rank=29 strength=55 condition=0 drop_price=31 drop_chg=16 drop_heat=20 drop_tv=1 drop_vol=0 drop_spread=0 drop_score=0
2026-03-06 16:42:39	rank source rank_pref=0 rank_backup=0 volume_rank=4 strength=12 condition=0 fallback=0
2026-03-06 16:42:45	watchlist updated
2026-03-06 16:42:59	rank raw_watch n=16 head=['052690', '233740', '083450', '006920', '126340', '078350', '089970', '000720', '127120', '200710']
2026-03-06 16:42:59	rank stable_watch n=16 head=['052690', '233740', '083450', '006920', '126340', '078350', '089970', '000720', '127120', '200710']
2026-03-06 16:42:59	rank integrity total=16 unique=16 bad_format=0 dup=0 low_price=0 quote_miss=off
2026-03-06 16:42:59	rank detail radar_combo markets=['J'] pool=84 selected=16 volume_rank=29 strength=55 condition=0 drop_price=31 drop_chg=16 drop_heat=20 drop_tv=1 drop_vol=0 drop_spread=0 drop_score=0
2026-03-06 16:42:59	rank source rank_pref=0 rank_backup=0 volume_rank=4 strength=12 condition=0 fallback=0
2026-03-06 16:43:06	watchlist unchanged
2026-03-06 16:43:20	rank raw_watch n=16 head=['052690', '233740', '083450', '006920', '126340', '078350', '089970', '000720', '127120', '200710']
2026-03-06 16:43:20	rank stable_watch n=16 head=['052690', '233740', '083450', '006920', '126340', '078350', '089970', '000720', '127120', '200710']
2026-03-06 16:43:20	rank integrity total=16 unique=16 bad_format=0 dup=0 low_price=0 quote_miss=off
2026-03-06 16:43:20	rank detail radar_combo markets=['J'] pool=84 selected=16 volume_rank=29 strength=55 condition=0 drop_price=31 drop_chg=16 drop_heat=20 drop_tv=1 drop_vol=0 drop_spread=0 drop_score=0
2026-03-06 16:43:20	rank source rank_pref=0 rank_backup=0 volume_rank=4 strength=12 condition=0 fallback=0
2026-03-06 16:43:26	watchlist unchanged
2026-03-06 16:43:41	rank raw_watch n=16 head=['233740', '052690', '083450', '006920', '126340', '078350', '089970', '000720', '127120', '200710']
2026-03-06 16:43:41	rank stable_watch n=16 head=['233740', '052690', '083450', '006920', '126340', '078350', '089970', '000720', '127120', '200710']
2026-03-06 16:43:41	rank integrity total=16 unique=16 bad_format=0 dup=0 low_price=0 quote_miss=off
2026-03-06 16:43:41	rank detail radar_combo markets=['J'] pool=84 selected=16 volume_rank=29 strength=55 condition=0 drop_price=31 drop_chg=16 drop_heat=20 drop_tv=1 drop_vol=0 drop_spread=0 drop_score=0
2026-03-06 16:43:41	rank source rank_pref=0 rank_backup=0 volume_rank=4 strength=12 condition=0 fallback=0
2026-03-06 16:43:47	watchlist updated
2026-03-06 16:44:01	rank raw_watch n=17 head=['233740', '052690', '309710', '083450', '006920', '126340', '078350', '089970', '000720', '127120']
2026-03-06 16:44:01	rank stable_watch n=17 head=['233740', '052690', '309710', '083450', '006920', '126340', '078350', '089970', '000720', '127120']
2026-03-06 16:44:01	rank integrity total=17 unique=17 bad_format=0 dup=0 low_price=0 quote_miss=off
2026-03-06 16:44:01	rank detail radar_combo markets=['J'] pool=84 selected=17 volume_rank=29 strength=55 condition=0 drop_price=31 drop_chg=15 drop_heat=20 drop_tv=1 drop_vol=0 drop_spread=0 drop_score=0
2026-03-06 16:44:01	rank source rank_pref=0 rank_backup=0 volume_rank=4 strength=13 condition=0 fallback=0
2026-03-06 16:44:08	watchlist updated
2026-03-06 16:44:23	rank raw_watch n=17 head=['052690', '233740', '309710', '083450', '006920', '126340', '078350', '089970', '000720', '127120']
2026-03-06 16:44:23	rank stable_watch n=17 head=['052690', '233740', '309710', '083450', '006920', '126340', '078350', '089970', '000720', '127120']
2026-03-06 16:44:23	rank integrity total=17 unique=17 bad_format=0 dup=0 low_price=0 quote_miss=off
2026-03-06 16:44:23	rank detail radar_combo markets=['J'] pool=84 selected=17 volume_rank=29 strength=55 condition=0 drop_price=31 drop_chg=15 drop_heat=20 drop_tv=1 drop_vol=0 drop_spread=0 drop_score=0
2026-03-06 16:44:23	rank source rank_pref=0 rank_backup=0 volume_rank=4 strength=13 condition=0 fallback=0
2026-03-06 16:44:30	watchlist updated
2026-03-06 16:44:44	rank raw_watch n=17 head=['233740', '052690', '083450', '309710', '006920', '126340', '078350', '000720', '127120', '089970']
2026-03-06 16:44:44	rank stable_watch n=17 head=['233740', '052690', '083450', '309710', '006920', '126340', '078350', '000720', '127120', '089970']
2026-03-06 16:44:44	rank integrity total=17 unique=17 bad_format=0 dup=0 low_price=0 quote_miss=off
2026-03-06 16:44:44	rank detail radar_combo markets=['J'] pool=84 selected=17 volume_rank=29 strength=55 condition=0 drop_price=31 drop_chg=15 drop_heat=20 drop_tv=1 drop_vol=0 drop_spread=0 drop_score=0
2026-03-06 16:44:44	rank source rank_pref=0 rank_backup=0 volume_rank=4 strength=13 condition=0 fallback=0
2026-03-06 16:44:51	watchlist updated
2026-03-06 16:45:05	rank raw_watch n=17 head=['233740', '052690', '083450', '309710', '006920', '126340', '078350', '000720', '127120', '200710']
2026-03-06 16:45:05	rank stable_watch n=17 head=['233740', '052690', '083450', '309710', '006920', '126340', '078350', '000720', '127120', '200710']
2026-03-06 16:45:05	rank integrity total=17 unique=17 bad_format=0 dup=0 low_price=0 quote_miss=off
2026-03-06 16:45:05	rank detail radar_combo markets=['J'] pool=84 selected=17 volume_rank=29 strength=55 condition=0 drop_price=31 drop_chg=15 drop_heat=20 drop_tv=1 drop_vol=0 drop_spread=0 drop_score=0
2026-03-06 16:45:05	rank source rank_pref=0 rank_backup=0 volume_rank=4 strength=13 condition=0 fallback=0
2026-03-06 16:45:12	watchlist updated
2026-03-06 16:45:26	rank raw_watch n=17 head=['107640', '233740', '052690', '309710', '006920', '126340', '078350', '000720', '127120', '200710']
2026-03-06 16:45:26	rank stable_watch n=17 head=['107640', '233740', '052690', '309710', '006920', '126340', '078350', '000720', '127120', '200710']
2026-03-06 16:45:26	rank integrity total=17 unique=17 bad_format=0 dup=0 low_price=0 quote_miss=off
2026-03-06 16:45:26	rank detail radar_combo markets=['J'] pool=84 selected=17 volume_rank=29 strength=55 condition=0 drop_price=31 drop_chg=15 drop_heat=20 drop_tv=1 drop_vol=0 drop_spread=0 drop_score=0
2026-03-06 16:45:26	rank source rank_pref=0 rank_backup=0 volume_rank=4 strength=13 condition=0 fallback=0
2026-03-06 16:45:33	watchlist updated
2026-03-06 16:45:47	rank raw_watch n=17 head=['107640', '233740', '052690', '309710', '006920', '126340', '078350', '000720', '127120', '200710']
2026-03-06 16:45:47	rank stable_watch n=17 head=['107640', '233740', '052690', '309710', '006920', '126340', '078350', '000720', '127120', '200710']
2026-03-06 16:45:47	rank integrity total=17 unique=17 bad_format=0 dup=0 low_price=0 quote_miss=off
2026-03-06 16:45:47	rank detail radar_combo markets=['J'] pool=84 selected=17 volume_rank=29 strength=55 condition=0 drop_price=31 drop_chg=15 drop_heat=20 drop_tv=1 drop_vol=0 drop_spread=0 drop_score=0
2026-03-06 16:45:47	rank source rank_pref=0 rank_backup=0 volume_rank=4 strength=13 condition=0 fallback=0
2026-03-06 16:45:54	watchlist unchanged
2026-03-06 16:46:08	rank raw_watch n=16 head=['052690', '233740', '309710', '006920', '126340', '078350', '000720', '127120', '200710', '089970']
2026-03-06 16:46:08	rank stable_watch n=16 head=['052690', '233740', '309710', '006920', '126340', '078350', '000720', '127120', '200710', '089970']
2026-03-06 16:46:08	rank integrity total=16 unique=16 bad_format=0 dup=0 low_price=0 quote_miss=off
2026-03-06 16:46:08	rank detail radar_combo markets=['J'] pool=84 selected=16 volume_rank=29 strength=55 condition=0 drop_price=31 drop_chg=16 drop_heat=20 drop_tv=1 drop_vol=0 drop_spread=0 drop_score=0
2026-03-06 16:46:08	rank source rank_pref=0 rank_backup=0 volume_rank=4 strength=12 condition=0 fallback=0
2026-03-06 16:46:15	watchlist updated
2026-03-06 16:46:29	rank raw_watch n=17 head=['052690', '107640', '233740', '309710', '006920', '126340', '078350', '000720', '127120', '089970']
2026-03-06 16:46:29	rank stable_watch n=17 head=['052690', '107640', '233740', '309710', '006920', '126340', '078350', '000720', '127120', '089970']
2026-03-06 16:46:29	rank integrity total=17 unique=17 bad_format=0 dup=0 low_price=0 quote_miss=off
2026-03-06 16:46:29	rank detail radar_combo markets=['J'] pool=84 selected=17 volume_rank=29 strength=55 condition=0 drop_price=31 drop_chg=15 drop_heat=20 drop_tv=1 drop_vol=0 drop_spread=0 drop_score=0
2026-03-06 16:46:29	rank source rank_pref=0 rank_backup=0 volume_rank=4 strength=13 condition=0 fallback=0
2026-03-06 16:46:36	watchlist updated
2026-03-06 16:46:50	rank raw_watch n=17 head=['052690', '233740', '083450', '309710', '006920', '126340', '078350', '000720', '127120', '089970']
2026-03-06 16:46:50	rank stable_watch n=17 head=['052690', '233740', '083450', '309710', '006920', '126340', '078350', '000720', '127120', '089970']
2026-03-06 16:46:50	rank integrity total=17 unique=17 bad_format=0 dup=0 low_price=0 quote_miss=off
2026-03-06 16:46:50	rank detail radar_combo markets=['J'] pool=84 selected=17 volume_rank=29 strength=55 condition=0 drop_price=31 drop_chg=15 drop_heat=20 drop_tv=1 drop_vol=0 drop_spread=0 drop_score=0
2026-03-06 16:46:50	rank source rank_pref=0 rank_backup=0 volume_rank=4 strength=13 condition=0 fallback=0
2026-03-06 16:46:56	watchlist updated
2026-03-06 16:47:11	rank raw_watch n=17 head=['052690', '233740', '083450', '309710', '006920', '126340', '078350', '000720', '127120', '200710']
2026-03-06 16:47:11	rank stable_watch n=17 head=['052690', '233740', '083450', '309710', '006920', '126340', '078350', '000720', '127120', '200710']
2026-03-06 16:47:11	rank integrity total=17 unique=17 bad_format=0 dup=0 low_price=0 quote_miss=off
2026-03-06 16:47:11	rank detail radar_combo markets=['J'] pool=84 selected=17 volume_rank=29 strength=55 condition=0 drop_price=31 drop_chg=15 drop_heat=20 drop_tv=1 drop_vol=0 drop_spread=0 drop_score=0
2026-03-06 16:47:11	rank source rank_pref=0 rank_backup=0 volume_rank=4 strength=13 condition=0 fallback=0
2026-03-06 16:47:17	watchlist updated
2026-03-06 16:47:32	rank raw_watch n=18 head=['437730', '107640', '233740', '052690', '309710', '006920', '126340', '078350', '127120', '000720']
2026-03-06 16:47:32	rank stable_watch n=18 head=['437730', '107640', '233740', '052690', '309710', '006920', '126340', '078350', '127120', '000720']
2026-03-06 16:47:32	rank integrity total=18 unique=18 bad_format=0 dup=0 low_price=0 quote_miss=off
2026-03-06 16:47:32	rank detail radar_combo markets=['J'] pool=84 selected=18 volume_rank=29 strength=55 condition=0 drop_price=31 drop_chg=14 drop_heat=20 drop_tv=1 drop_vol=0 drop_spread=0 drop_score=0
2026-03-06 16:47:32	rank source rank_pref=0 rank_backup=0 volume_rank=4 strength=14 condition=0 fallback=0
2026-03-06 16:47:39	watchlist updated
2026-03-06 16:47:53	rank raw_watch n=18 head=['437730', '233740', '052690', '083450', '309710', '006920', '126340', '078350', '127120', '000720']
2026-03-06 16:47:53	rank stable_watch n=18 head=['437730', '233740', '052690', '083450', '309710', '006920', '126340', '078350', '127120', '000720']
2026-03-06 16:47:53	rank integrity total=18 unique=18 bad_format=0 dup=0 low_price=0 quote_miss=off
2026-03-06 16:47:53	rank detail radar_combo markets=['J'] pool=84 selected=18 volume_rank=29 strength=55 condition=0 drop_price=31 drop_chg=13 drop_heat=21 drop_tv=1 drop_vol=0 drop_spread=0 drop_score=0
2026-03-06 16:47:53	rank source rank_pref=0 rank_backup=0 volume_rank=4 strength=14 condition=0 fallback=0
2026-03-06 16:48:01	watchlist updated
2026-03-06 16:48:15	rank raw_watch n=17 head=['437730', '233740', '052690', '309710', '006920', '126340', '078350', '127120', '000720', '200710']
2026-03-06 16:48:15	rank stable_watch n=17 head=['437730', '233740', '052690', '309710', '006920', '126340', '078350', '127120', '000720', '200710']
2026-03-06 16:48:15	rank integrity total=17 unique=17 bad_format=0 dup=0 low_price=0 quote_miss=off
2026-03-06 16:48:15	rank detail radar_combo markets=['J'] pool=84 selected=17 volume_rank=29 strength=55 condition=0 drop_price=31 drop_chg=14 drop_heat=21 drop_tv=1 drop_vol=0 drop_spread=0 drop_score=0
2026-03-06 16:48:15	rank source rank_pref=0 rank_backup=0 volume_rank=4 strength=13 condition=0 fallback=0
2026-03-06 16:48:22	watchlist updated
2026-03-06 16:48:36	rank raw_watch n=16 head=['052690', '233740', '309710', '006920', '126340', '078350', '127120', '000720', '089970', '200710']
2026-03-06 16:48:36	rank stable_watch n=16 head=['052690', '233740', '309710', '006920', '126340', '078350', '127120', '000720', '089970', '200710']
2026-03-06 16:48:36	rank integrity total=16 unique=16 bad_format=0 dup=0 low_price=0 quote_miss=off
2026-03-06 16:48:36	rank detail radar_combo markets=['J'] pool=84 selected=16 volume_rank=29 strength=55 condition=0 drop_price=31 drop_chg=15 drop_heat=21 drop_tv=1 drop_vol=0 drop_spread=0 drop_score=0
2026-03-06 16:48:36	rank source rank_pref=0 rank_backup=0 volume_rank=4 strength=12 condition=0 fallback=0
2026-03-06 16:48:44	watchlist updated
2026-03-06 16:48:58	rank raw_watch n=16 head=['052690', '233740', '309710', '006920', '126340', '078350', '127120', '000720', '089970', '200710']
2026-03-06 16:48:58	rank stable_watch n=16 head=['052690', '233740', '309710', '006920', '126340', '078350', '127120', '000720', '089970', '200710']
2026-03-06 16:48:58	rank integrity total=16 unique=16 bad_format=0 dup=0 low_price=0 quote_miss=off
2026-03-06 16:48:58	rank detail radar_combo markets=['J'] pool=84 selected=16 volume_rank=29 strength=55 condition=0 drop_price=31 drop_chg=16 drop_heat=20 drop_tv=1 drop_vol=0 drop_spread=0 drop_score=0
2026-03-06 16:48:58	rank source rank_pref=0 rank_backup=0 volume_rank=4 strength=12 condition=0 fallback=0
2026-03-06 16:49:04	watchlist unchanged
2026-03-06 16:49:18	rank raw_watch n=18 head=['052690', '437730', '107640', '233740', '126340', '309710', '006920', '078350', '127120', '000720']
2026-03-06 16:49:18	rank stable_watch n=18 head=['052690', '437730', '107640', '233740', '126340', '309710', '006920', '078350', '127120', '000720']
2026-03-06 16:49:18	rank integrity total=18 unique=18 bad_format=0 dup=0 low_price=0 quote_miss=off
2026-03-06 16:49:18	rank detail radar_combo markets=['J'] pool=84 selected=18 volume_rank=29 strength=55 condition=0 drop_price=31 drop_chg=14 drop_heat=20 drop_tv=1 drop_vol=0 drop_spread=0 drop_score=0
2026-03-06 16:49:18	rank source rank_pref=0 rank_backup=0 volume_rank=4 strength=14 condition=0 fallback=0
2026-03-06 16:49:26	watchlist updated
2026-03-06 16:49:40	rank raw_watch n=18 head=['437730', '052690', '107640', '233740', '126340', '309710', '006920', '078350', '127120', '089970']
2026-03-06 16:49:40	rank stable_watch n=18 head=['437730', '052690', '107640', '233740', '126340', '309710', '006920', '078350', '127120', '089970']
2026-03-06 16:49:40	rank integrity total=18 unique=18 bad_format=0 dup=0 low_price=0 quote_miss=off
2026-03-06 16:49:40	rank detail radar_combo markets=['J'] pool=84 selected=18 volume_rank=29 strength=55 condition=0 drop_price=31 drop_chg=14 drop_heat=20 drop_tv=1 drop_vol=0 drop_spread=0 drop_score=0
2026-03-06 16:49:40	rank source rank_pref=0 rank_backup=0 volume_rank=4 strength=14 condition=0 fallback=0
2026-03-06 16:49:47	watchlist updated
2026-03-06 16:50:01	rank raw_watch n=18 head=['437730', '107640', '052690', '233740', '309710', '126340', '006920', '078350', '127120', '089970']
2026-03-06 16:50:01	rank stable_watch n=18 head=['437730', '107640', '052690', '233740', '309710', '126340', '006920', '078350', '127120', '089970']
2026-03-06 16:50:01	rank integrity total=18 unique=18 bad_format=0 dup=0 low_price=0 quote_miss=off
2026-03-06 16:50:01	rank detail radar_combo markets=['J'] pool=84 selected=18 volume_rank=29 strength=55 condition=0 drop_price=31 drop_chg=14 drop_heat=20 drop_tv=1 drop_vol=0 drop_spread=0 drop_score=0
2026-03-06 16:50:01	rank source rank_pref=0 rank_backup=0 volume_rank=4 strength=14 condition=0 fallback=0
2026-03-06 16:50:08	watchlist updated
2026-03-06 16:50:22	rank raw_watch n=17 head=['107640', '052690', '233740', '309710', '126340', '006920', '078350', '127120', '089970', '200710']
2026-03-06 16:50:22	rank stable_watch n=17 head=['107640', '052690', '233740', '309710', '126340', '006920', '078350', '127120', '089970', '200710']
2026-03-06 16:50:22	rank integrity total=17 unique=17 bad_format=0 dup=0 low_price=0 quote_miss=off
2026-03-06 16:50:22	rank detail radar_combo markets=['J'] pool=84 selected=17 volume_rank=29 strength=55 condition=0 drop_price=31 drop_chg=15 drop_heat=20 drop_tv=1 drop_vol=0 drop_spread=0 drop_score=0
2026-03-06 16:50:22	rank source rank_pref=0 rank_backup=0 volume_rank=4 strength=13 condition=0 fallback=0
2026-03-06 16:50:29	watchlist updated
2026-03-06 16:50:43	rank raw_watch n=18 head=['437730', '052690', '233740', '309710', '126340', '006920', '083450', '078350', '127120', '089970']
2026-03-06 16:50:43	rank stable_watch n=18 head=['437730', '052690', '233740', '309710', '126340', '006920', '083450', '078350', '127120', '089970']
2026-03-06 16:50:43	rank integrity total=18 unique=18 bad_format=0 dup=0 low_price=0 quote_miss=off
2026-03-06 16:50:43	rank detail radar_combo markets=['J'] pool=84 selected=18 volume_rank=29 strength=55 condition=0 drop_price=31 drop_chg=14 drop_heat=20 drop_tv=1 drop_vol=0 drop_spread=0 drop_score=0
2026-03-06 16:50:43	rank source rank_pref=0 rank_backup=0 volume_rank=4 strength=14 condition=0 fallback=0
2026-03-06 16:50:51	watchlist updated
2026-03-06 16:51:05	rank raw_watch n=18 head=['437730', '052690', '233740', '309710', '126340', '006920', '083450', '078350', '127120', '089970']
2026-03-06 16:51:05	rank stable_watch n=18 head=['437730', '052690', '233740', '309710', '126340', '006920', '083450', '078350', '127120', '089970']
2026-03-06 16:51:05	rank integrity total=18 unique=18 bad_format=0 dup=0 low_price=0 quote_miss=off
2026-03-06 16:51:05	rank detail radar_combo markets=['J'] pool=84 selected=18 volume_rank=29 strength=55 condition=0 drop_price=31 drop_chg=14 drop_heat=20 drop_tv=1 drop_vol=0 drop_spread=0 drop_score=0
2026-03-06 16:51:05	rank source rank_pref=0 rank_backup=0 volume_rank=4 strength=14 condition=0 fallback=0
2026-03-06 16:51:12	watchlist unchanged
2026-03-06 16:51:26	rank raw_watch n=18 head=['437730', '052690', '233740', '309710', '126340', '083450', '006920', '078350', '127120', '089970']
2026-03-06 16:51:26	rank stable_watch n=18 head=['437730', '052690', '233740', '309710', '126340', '083450', '006920', '078350', '127120', '089970']
2026-03-06 16:51:26	rank integrity total=18 unique=18 bad_format=0 dup=0 low_price=0 quote_miss=off
2026-03-06 16:51:26	rank detail radar_combo markets=['J'] pool=84 selected=18 volume_rank=29 strength=55 condition=0 drop_price=31 drop_chg=14 drop_heat=20 drop_tv=1 drop_vol=0 drop_spread=0 drop_score=0
2026-03-06 16:51:26	rank source rank_pref=0 rank_backup=0 volume_rank=4 strength=14 condition=0 fallback=0
2026-03-06 16:51:33	watchlist updated
2026-03-06 16:51:47	rank raw_watch n=18 head=['437730', '052690', '233740', '309710', '126340', '083450', '006920', '078350', '127120', '089970']
2026-03-06 16:51:47	rank stable_watch n=18 head=['437730', '052690', '233740', '309710', '126340', '083450', '006920', '078350', '127120', '089970']
2026-03-06 16:51:47	rank integrity total=18 unique=18 bad_format=0 dup=0 low_price=0 quote_miss=off
2026-03-06 16:51:47	rank detail radar_combo markets=['J'] pool=84 selected=18 volume_rank=29 strength=55 condition=0 drop_price=31 drop_chg=14 drop_heat=20 drop_tv=1 drop_vol=0 drop_spread=0 drop_score=0
2026-03-06 16:51:47	rank source rank_pref=0 rank_backup=0 volume_rank=4 strength=14 condition=0 fallback=0
2026-03-06 16:51:55	watchlist unchanged
2026-03-06 16:52:09	rank raw_watch n=18 head=['437730', '052690', '107640', '233740', '309710', '126340', '006920', '078350', '127120', '089970']
2026-03-06 16:52:09	rank stable_watch n=18 head=['437730', '052690', '107640', '233740', '309710', '126340', '006920', '078350', '127120', '089970']
2026-03-06 16:52:09	rank integrity total=18 unique=18 bad_format=0 dup=0 low_price=0 quote_miss=off
2026-03-06 16:52:09	rank detail radar_combo markets=['J'] pool=84 selected=18 volume_rank=29 strength=55 condition=0 drop_price=31 drop_chg=14 drop_heat=20 drop_tv=1 drop_vol=0 drop_spread=0 drop_score=0
2026-03-06 16:52:09	rank source rank_pref=0 rank_backup=0 volume_rank=4 strength=14 condition=0 fallback=0
2026-03-06 16:52:16	watchlist updated
2026-03-06 16:52:30	rank raw_watch n=18 head=['437730', '052690', '107640', '233740', '126340', '309710', '006920', '078350', '127120', '089970']
2026-03-06 16:52:30	rank stable_watch n=18 head=['437730', '052690', '107640', '233740', '126340', '309710', '006920', '078350', '127120', '089970']
2026-03-06 16:52:30	rank integrity total=18 unique=18 bad_format=0 dup=0 low_price=0 quote_miss=off
2026-03-06 16:52:30	rank detail radar_combo markets=['J'] pool=84 selected=18 volume_rank=29 strength=55 condition=0 drop_price=31 drop_chg=14 drop_heat=20 drop_tv=1 drop_vol=0 drop_spread=0 drop_score=0
2026-03-06 16:52:30	rank source rank_pref=0 rank_backup=0 volume_rank=4 strength=14 condition=0 fallback=0
2026-03-06 16:52:37	watchlist updated
2026-03-06 16:52:52	rank raw_watch n=17 head=['437730', '052690', '233740', '126340', '309710', '006920', '078350', '127120', '089970', '200710']
2026-03-06 16:52:52	rank stable_watch n=17 head=['437730', '052690', '233740', '126340', '309710', '006920', '078350', '127120', '089970', '200710']
2026-03-06 16:52:52	rank integrity total=17 unique=17 bad_format=0 dup=0 low_price=0 quote_miss=off
2026-03-06 16:52:52	rank detail radar_combo markets=['J'] pool=84 selected=17 volume_rank=29 strength=55 condition=0 drop_price=31 drop_chg=15 drop_heat=20 drop_tv=1 drop_vol=0 drop_spread=0 drop_score=0
2026-03-06 16:52:52	rank source rank_pref=0 rank_backup=0 volume_rank=4 strength=13 condition=0 fallback=0
2026-03-06 16:52:58	watchlist updated
2026-03-06 16:53:12	rank raw_watch n=17 head=['107640', '233740', '052690', '309710', '126340', '006920', '078350', '127120', '089970', '200710']
2026-03-06 16:53:12	rank stable_watch n=17 head=['107640', '233740', '052690', '309710', '126340', '006920', '078350', '127120', '089970', '200710']
2026-03-06 16:53:12	rank integrity total=17 unique=17 bad_format=0 dup=0 low_price=0 quote_miss=off
2026-03-06 16:53:12	rank detail radar_combo markets=['J'] pool=84 selected=17 volume_rank=29 strength=55 condition=0 drop_price=31 drop_chg=15 drop_heat=20 drop_tv=1 drop_vol=0 drop_spread=0 drop_score=0
2026-03-06 16:53:12	rank source rank_pref=0 rank_backup=0 volume_rank=4 strength=13 condition=0 fallback=0
2026-03-06 16:53:19	watchlist updated
2026-03-06 16:53:33	rank raw_watch n=17 head=['107640', '233740', '052690', '126340', '309710', '006920', '078350', '127120', '089970', '200710']
2026-03-06 16:53:33	rank stable_watch n=17 head=['107640', '233740', '052690', '126340', '309710', '006920', '078350', '127120', '089970', '200710']
2026-03-06 16:53:33	rank integrity total=17 unique=17 bad_format=0 dup=0 low_price=0 quote_miss=off
2026-03-06 16:53:33	rank detail radar_combo markets=['J'] pool=84 selected=17 volume_rank=29 strength=55 condition=0 drop_price=31 drop_chg=15 drop_heat=20 drop_tv=1 drop_vol=0 drop_spread=0 drop_score=0
2026-03-06 16:53:33	rank source rank_pref=0 rank_backup=0 volume_rank=4 strength=13 condition=0 fallback=0
2026-03-06 16:53:40	watchlist updated
2026-03-06 16:53:54	rank raw_watch n=18 head=['437730', '107640', '233740', '309710', '052690', '126340', '006920', '078350', '127120', '089970']
2026-03-06 16:53:54	rank stable_watch n=18 head=['437730', '107640', '233740', '309710', '052690', '126340', '006920', '078350', '127120', '089970']
2026-03-06 16:53:54	rank integrity total=18 unique=18 bad_format=0 dup=0 low_price=0 quote_miss=off
2026-03-06 16:53:54	rank detail radar_combo markets=['J'] pool=84 selected=18 volume_rank=29 strength=55 condition=0 drop_price=31 drop_chg=14 drop_heat=20 drop_tv=1 drop_vol=0 drop_spread=0 drop_score=0
2026-03-06 16:53:54	rank source rank_pref=0 rank_backup=0 volume_rank=4 strength=14 condition=0 fallback=0
2026-03-06 16:54:02	watchlist updated
2026-03-06 16:54:16	rank raw_watch n=17 head=['107640', '233740', '309710', '052690', '126340', '006920', '078350', '000720', '127120', '089970']
2026-03-06 16:54:16	rank stable_watch n=17 head=['107640', '233740', '309710', '052690', '126340', '006920', '078350', '000720', '127120', '089970']
2026-03-06 16:54:16	rank integrity total=17 unique=17 bad_format=0 dup=0 low_price=0 quote_miss=off
2026-03-06 16:54:16	rank detail radar_combo markets=['J'] pool=84 selected=17 volume_rank=29 strength=55 condition=0 drop_price=31 drop_chg=15 drop_heat=20 drop_tv=1 drop_vol=0 drop_spread=0 drop_score=0
2026-03-06 16:54:16	rank source rank_pref=0 rank_backup=0 volume_rank=4 strength=13 condition=0 fallback=0
2026-03-06 16:54:22	watchlist updated
2026-03-06 16:54:37	rank raw_watch n=17 head=['107640', '233740', '000720', '309710', '126340', '052690', '006920', '078350', '127120', '089970']
2026-03-06 16:54:37	rank stable_watch n=17 head=['107640', '233740', '000720', '309710', '126340', '052690', '006920', '078350', '127120', '089970']
2026-03-06 16:54:37	rank integrity total=17 unique=17 bad_format=0 dup=0 low_price=0 quote_miss=off
2026-03-06 16:54:37	rank detail radar_combo markets=['J'] pool=84 selected=17 volume_rank=29 strength=55 condition=0 drop_price=31 drop_chg=15 drop_heat=20 drop_tv=1 drop_vol=0 drop_spread=0 drop_score=0
2026-03-06 16:54:37	rank source rank_pref=0 rank_backup=0 volume_rank=4 strength=13 condition=0 fallback=0
2026-03-06 16:54:43	watchlist updated
2026-03-06 16:54:58	rank raw_watch n=17 head=['107640', '233740', '309710', '126340', '000720', '052690', '006920', '078350', '127120', '089970']
2026-03-06 16:54:58	rank stable_watch n=17 head=['107640', '233740', '309710', '126340', '000720', '052690', '006920', '078350', '127120', '089970']
2026-03-06 16:54:58	rank integrity total=17 unique=17 bad_format=0 dup=0 low_price=0 quote_miss=off
2026-03-06 16:54:58	rank detail radar_combo markets=['J'] pool=84 selected=17 volume_rank=29 strength=55 condition=0 drop_price=31 drop_chg=15 drop_heat=20 drop_tv=1 drop_vol=0 drop_spread=0 drop_score=0
2026-03-06 16:54:58	rank source rank_pref=0 rank_backup=0 volume_rank=4 strength=13 condition=0 fallback=0
2026-03-06 16:55:04	watchlist updated
2026-03-06 16:55:18	rank raw_watch n=17 head=['107640', '233740', '309710', '126340', '000720', '006920', '052690', '078350', '127120', '089970']
2026-03-06 16:55:18	rank stable_watch n=17 head=['107640', '233740', '309710', '126340', '000720', '006920', '052690', '078350', '127120', '089970']
2026-03-06 16:55:18	rank integrity total=17 unique=17 bad_format=0 dup=0 low_price=0 quote_miss=off
2026-03-06 16:55:18	rank detail radar_combo markets=['J'] pool=84 selected=17 volume_rank=29 strength=55 condition=0 drop_price=31 drop_chg=15 drop_heat=20 drop_tv=1 drop_vol=0 drop_spread=0 drop_score=0
2026-03-06 16:55:18	rank source rank_pref=0 rank_backup=0 volume_rank=4 strength=13 condition=0 fallback=0
2026-03-06 16:55:25	watchlist updated
2026-03-06 16:55:39	rank raw_watch n=17 head=['107640', '233740', '309710', '000720', '126340', '052690', '006920', '078350', '127120', '089970']
2026-03-06 16:55:39	rank stable_watch n=17 head=['107640', '233740', '309710', '000720', '126340', '052690', '006920', '078350', '127120', '089970']
2026-03-06 16:55:39	rank integrity total=17 unique=17 bad_format=0 dup=0 low_price=0 quote_miss=off
2026-03-06 16:55:39	rank detail radar_combo markets=['J'] pool=84 selected=17 volume_rank=29 strength=55 condition=0 drop_price=31 drop_chg=15 drop_heat=20 drop_tv=1 drop_vol=0 drop_spread=0 drop_score=0
2026-03-06 16:55:39	rank source rank_pref=0 rank_backup=0 volume_rank=4 strength=13 condition=0 fallback=0
2026-03-06 16:55:46	watchlist updated
2026-03-06 16:56:00	rank raw_watch n=17 head=['437730', '233740', '309710', '126340', '006920', '052690', '000720', '078350', '127120', '089970']
2026-03-06 16:56:00	rank stable_watch n=17 head=['437730', '233740', '309710', '126340', '006920', '052690', '000720', '078350', '127120', '089970']
2026-03-06 16:56:00	rank integrity total=17 unique=17 bad_format=0 dup=0 low_price=0 quote_miss=off
2026-03-06 16:56:00	rank detail radar_combo markets=['J'] pool=84 selected=17 volume_rank=29 strength=55 condition=0 drop_price=31 drop_chg=15 drop_heat=20 drop_tv=1 drop_vol=0 drop_spread=0 drop_score=0
2026-03-06 16:56:00	rank source rank_pref=0 rank_backup=0 volume_rank=4 strength=13 condition=0 fallback=0
2026-03-06 16:56:07	watchlist updated
2026-03-06 16:56:21	rank raw_watch n=16 head=['437730', '233740', '126340', '052690', '006920', '000720', '078350', '089970', '127120', '200710']
2026-03-06 16:56:21	rank stable_watch n=16 head=['437730', '233740', '126340', '052690', '006920', '000720', '078350', '089970', '127120', '200710']
2026-03-06 16:56:21	rank integrity total=16 unique=16 bad_format=0 dup=0 low_price=0 quote_miss=off
2026-03-06 16:56:21	rank detail radar_combo markets=['J'] pool=84 selected=16 volume_rank=29 strength=55 condition=0 drop_price=31 drop_chg=16 drop_heat=20 drop_tv=1 drop_vol=0 drop_spread=0 drop_score=0
2026-03-06 16:56:21	rank source rank_pref=0 rank_backup=0 volume_rank=4 strength=12 condition=0 fallback=0
2026-03-06 16:56:28	watchlist updated
2026-03-06 16:56:42	rank raw_watch n=16 head=['437730', '233740', '052690', '126340', '006920', '000720', '078350', '089970', '127120', '200710']
2026-03-06 16:56:42	rank stable_watch n=16 head=['437730', '233740', '052690', '126340', '006920', '000720', '078350', '089970', '127120', '200710']
2026-03-06 16:56:42	rank integrity total=16 unique=16 bad_format=0 dup=0 low_price=0 quote_miss=off
2026-03-06 16:56:42	rank detail radar_combo markets=['J'] pool=84 selected=16 volume_rank=29 strength=55 condition=0 drop_price=31 drop_chg=16 drop_heat=20 drop_tv=1 drop_vol=0 drop_spread=0 drop_score=0
2026-03-06 16:56:42	rank source rank_pref=0 rank_backup=0 volume_rank=4 strength=12 condition=0 fallback=0
2026-03-06 16:56:48	watchlist updated
2026-03-06 16:57:02	rank raw_watch n=15 head=['233740', '052690', '126340', '006920', '000720', '078350', '127120', '089970', '200710', '468530']
2026-03-06 16:57:02	rank stable_watch n=15 head=['233740', '052690', '126340', '006920', '000720', '078350', '127120', '089970', '200710', '468530']
2026-03-06 16:57:02	rank integrity total=15 unique=15 bad_format=0 dup=0 low_price=0 quote_miss=off
2026-03-06 16:57:02	rank detail radar_combo markets=['J'] pool=84 selected=15 volume_rank=29 strength=55 condition=0 drop_price=31 drop_chg=17 drop_heat=20 drop_tv=1 drop_vol=0 drop_spread=0 drop_score=0
2026-03-06 16:57:02	rank source rank_pref=0 rank_backup=0 volume_rank=4 strength=11 condition=0 fallback=0
2026-03-06 16:57:09	watchlist updated
2026-03-06 16:57:23	rank raw_watch n=15 head=['233740', '052690', '126340', '006920', '000720', '078350', '127120', '089970', '468530', '200710']
2026-03-06 16:57:23	rank stable_watch n=15 head=['233740', '052690', '126340', '006920', '000720', '078350', '127120', '089970', '468530', '200710']
2026-03-06 16:57:23	rank integrity total=15 unique=15 bad_format=0 dup=0 low_price=0 quote_miss=off
2026-03-06 16:57:23	rank detail radar_combo markets=['J'] pool=84 selected=15 volume_rank=29 strength=55 condition=0 drop_price=31 drop_chg=17 drop_heat=20 drop_tv=1 drop_vol=0 drop_spread=0 drop_score=0
2026-03-06 16:57:23	rank source rank_pref=0 rank_backup=0 volume_rank=4 strength=11 condition=0 fallback=0
2026-03-06 16:57:28	watchlist updated
2026-03-06 16:57:43	rank raw_watch n=15 head=['233740', '052690', '000720', '006920', '126340', '078350', '127120', '089970', '468530', '200710']
2026-03-06 16:57:43	rank stable_watch n=15 head=['233740', '052690', '000720', '006920', '126340', '078350', '127120', '089970', '468530', '200710']
2026-03-06 16:57:43	rank integrity total=15 unique=15 bad_format=0 dup=0 low_price=0 quote_miss=off
2026-03-06 16:57:43	rank detail radar_combo markets=['J'] pool=84 selected=15 volume_rank=29 strength=55 condition=0 drop_price=31 drop_chg=17 drop_heat=20 drop_tv=1 drop_vol=0 drop_spread=0 drop_score=0
2026-03-06 16:57:43	rank source rank_pref=0 rank_backup=0 volume_rank=4 strength=11 condition=0 fallback=0
2026-03-06 16:57:49	watchlist updated
2026-03-06 16:58:03	rank raw_watch n=16 head=['437730', '052690', '233740', '006920', '000720', '126340', '078350', '127120', '468530', '089970']
2026-03-06 16:58:03	rank stable_watch n=16 head=['437730', '052690', '233740', '006920', '000720', '126340', '078350', '127120', '468530', '089970']
2026-03-06 16:58:03	rank integrity total=16 unique=16 bad_format=0 dup=0 low_price=0 quote_miss=off
2026-03-06 16:58:03	rank detail radar_combo markets=['J'] pool=84 selected=16 volume_rank=29 strength=55 condition=0 drop_price=31 drop_chg=16 drop_heat=20 drop_tv=1 drop_vol=0 drop_spread=0 drop_score=0
2026-03-06 16:58:03	rank source rank_pref=0 rank_backup=0 volume_rank=4 strength=12 condition=0 fallback=0
2026-03-06 16:58:09	watchlist updated
2026-03-06 16:58:24	rank raw_watch n=17 head=['437730', '107640', '233740', '052690', '006920', '126340', '000720', '078350', '127120', '468530']
2026-03-06 16:58:24	rank stable_watch n=17 head=['437730', '107640', '233740', '052690', '006920', '126340', '000720', '078350', '127120', '468530']
2026-03-06 16:58:24	rank integrity total=17 unique=17 bad_format=0 dup=0 low_price=0 quote_miss=off
2026-03-06 16:58:24	rank detail radar_combo markets=['J'] pool=84 selected=17 volume_rank=29 strength=55 condition=0 drop_price=31 drop_chg=15 drop_heat=20 drop_tv=1 drop_vol=0 drop_spread=0 drop_score=0
2026-03-06 16:58:24	rank source rank_pref=0 rank_backup=0 volume_rank=4 strength=13 condition=0 fallback=0
2026-03-06 16:58:30	watchlist updated
2026-03-06 16:58:45	rank raw_watch n=15 head=['233740', '052690', '006920', '126340', '000720', '078350', '468530', '127120', '089970', '200710']
2026-03-06 16:58:45	rank stable_watch n=15 head=['233740', '052690', '006920', '126340', '000720', '078350', '468530', '127120', '089970', '200710']
2026-03-06 16:58:45	rank integrity total=15 unique=15 bad_format=0 dup=0 low_price=0 quote_miss=off
2026-03-06 16:58:45	rank detail radar_combo markets=['J'] pool=84 selected=15 volume_rank=29 strength=55 condition=0 drop_price=31 drop_chg=17 drop_heat=20 drop_tv=1 drop_vol=0 drop_spread=0 drop_score=0
2026-03-06 16:58:45	rank source rank_pref=0 rank_backup=0 volume_rank=4 strength=11 condition=0 fallback=0
2026-03-06 16:58:51	watchlist updated
2026-03-06 16:59:05	rank raw_watch n=15 head=['233740', '052690', '006920', '000720', '126340', '078350', '127120', '468530', '089970', '200710']
2026-03-06 16:59:05	rank stable_watch n=15 head=['233740', '052690', '006920', '000720', '126340', '078350', '127120', '468530', '089970', '200710']
2026-03-06 16:59:05	rank integrity total=15 unique=15 bad_format=0 dup=0 low_price=0 quote_miss=off
2026-03-06 16:59:05	rank detail radar_combo markets=['J'] pool=84 selected=15 volume_rank=29 strength=55 condition=0 drop_price=31 drop_chg=17 drop_heat=20 drop_tv=1 drop_vol=0 drop_spread=0 drop_score=0
2026-03-06 16:59:05	rank source rank_pref=0 rank_backup=0 volume_rank=4 strength=11 condition=0 fallback=0
2026-03-06 16:59:11	watchlist updated
2026-03-06 16:59:25	rank raw_watch n=15 head=['233740', '052690', '006920', '126340', '078350', '000720', '468530', '127120', '089970', '200710']
2026-03-06 16:59:25	rank stable_watch n=15 head=['233740', '052690', '006920', '126340', '078350', '000720', '468530', '127120', '089970', '200710']
2026-03-06 16:59:25	rank integrity total=15 unique=15 bad_format=0 dup=0 low_price=0 quote_miss=off
2026-03-06 16:59:25	rank detail radar_combo markets=['J'] pool=84 selected=15 volume_rank=29 strength=55 condition=0 drop_price=31 drop_chg=17 drop_heat=20 drop_tv=1 drop_vol=0 drop_spread=0 drop_score=0
2026-03-06 16:59:25	rank source rank_pref=0 rank_backup=0 volume_rank=4 strength=11 condition=0 fallback=0
2026-03-06 16:59:31	watchlist updated
2026-03-06 16:59:45	rank raw_watch n=16 head=['107640', '233740', '052690', '006920', '126340', '078350', '000720', '468530', '127120', '089970']
2026-03-06 16:59:45	rank stable_watch n=16 head=['107640', '233740', '052690', '006920', '126340', '078350', '000720', '468530', '127120', '089970']
2026-03-06 16:59:45	rank integrity total=16 unique=16 bad_format=0 dup=0 low_price=0 quote_miss=off
2026-03-06 16:59:45	rank detail radar_combo markets=['J'] pool=84 selected=16 volume_rank=29 strength=55 condition=0 drop_price=31 drop_chg=16 drop_heat=20 drop_tv=1 drop_vol=0 drop_spread=0 drop_score=0
2026-03-06 16:59:45	rank source rank_pref=0 rank_backup=0 volume_rank=4 strength=12 condition=0 fallback=0
2026-03-06 16:59:51	watchlist updated
2026-03-06 17:00:05	rank raw_watch n=16 head=['107640', '233740', '052690', '006920', '126340', '078350', '000720', '468530', '127120', '089970']
2026-03-06 17:00:05	rank stable_watch n=16 head=['107640', '233740', '052690', '006920', '126340', '078350', '000720', '468530', '127120', '089970']
2026-03-06 17:00:05	rank integrity total=16 unique=16 bad_format=0 dup=0 low_price=0 quote_miss=off
2026-03-06 17:00:05	rank detail radar_combo markets=['J'] pool=84 selected=16 volume_rank=29 strength=55 condition=0 drop_price=31 drop_chg=16 drop_heat=20 drop_tv=1 drop_vol=0 drop_spread=0 drop_score=0
2026-03-06 17:00:05	rank source rank_pref=0 rank_backup=0 volume_rank=4 strength=12 condition=0 fallback=0
2026-03-06 17:00:12	watchlist updated
2026-03-06 17:00:26	rank raw_watch n=16 head=['107640', '233740', '052690', '006920', '126340', '078350', '468530', '127120', '000720', '089970']
2026-03-06 17:00:26	rank stable_watch n=16 head=['107640', '233740', '052690', '006920', '126340', '078350', '468530', '127120', '000720', '089970']
2026-03-06 17:00:26	rank integrity total=16 unique=16 bad_format=0 dup=0 low_price=0 quote_miss=off
2026-03-06 17:00:26	rank detail radar_combo markets=['J'] pool=84 selected=16 volume_rank=29 strength=55 condition=0 drop_price=31 drop_chg=15 drop_heat=21 drop_tv=1 drop_vol=0 drop_spread=0 drop_score=0
2026-03-06 17:00:26	rank source rank_pref=0 rank_backup=0 volume_rank=4 strength=12 condition=0 fallback=0
2026-03-06 17:00:33	watchlist updated
2026-03-06 17:00:47	rank raw_watch n=16 head=['107640', '233740', '052690', '006920', '126340', '078350', '468530', '127120', '000720', '089970']
2026-03-06 17:00:47	rank stable_watch n=16 head=['107640', '233740', '052690', '006920', '126340', '078350', '468530', '127120', '000720', '089970']
2026-03-06 17:00:47	rank integrity total=16 unique=16 bad_format=0 dup=0 low_price=0 quote_miss=off
2026-03-06 17:00:47	rank detail radar_combo markets=['J'] pool=84 selected=16 volume_rank=29 strength=55 condition=0 drop_price=31 drop_chg=16 drop_heat=20 drop_tv=1 drop_vol=0 drop_spread=0 drop_score=0
2026-03-06 17:00:47	rank source rank_pref=0 rank_backup=0 volume_rank=4 strength=12 condition=0 fallback=0
2026-03-06 17:00:53	watchlist updated
2026-03-06 17:01:08	rank raw_watch n=16 head=['107640', '233740', '052690', '006920', '126340', '078350', '127120', '000720', '468530', '089970']
2026-03-06 17:01:08	rank stable_watch n=16 head=['107640', '233740', '052690', '006920', '126340', '078350', '127120', '000720', '468530', '089970']
2026-03-06 17:01:08	rank integrity total=16 unique=16 bad_format=0 dup=0 low_price=0 quote_miss=off
2026-03-06 17:01:08	rank detail radar_combo markets=['J'] pool=84 selected=16 volume_rank=29 strength=55 condition=0 drop_price=31 drop_chg=16 drop_heat=20 drop_tv=1 drop_vol=0 drop_spread=0 drop_score=0
2026-03-06 17:01:08	rank source rank_pref=0 rank_backup=0 volume_rank=4 strength=12 condition=0 fallback=0
2026-03-06 17:01:14	watchlist updated
2026-03-06 17:01:28	rank raw_watch n=15 head=['233740', '006920', '052690', '126340', '078350', '127120', '000720', '089970', '468530', '200710']
2026-03-06 17:01:28	rank stable_watch n=15 head=['233740', '006920', '052690', '126340', '078350', '127120', '000720', '089970', '468530', '200710']
2026-03-06 17:01:28	rank integrity total=15 unique=15 bad_format=0 dup=0 low_price=0 quote_miss=off
2026-03-06 17:01:28	rank detail radar_combo markets=['J'] pool=84 selected=15 volume_rank=29 strength=55 condition=0 drop_price=31 drop_chg=17 drop_heat=20 drop_tv=1 drop_vol=0 drop_spread=0 drop_score=0
2026-03-06 17:01:28	rank source rank_pref=0 rank_backup=0 volume_rank=4 strength=11 condition=0 fallback=0
2026-03-06 17:01:34	watchlist updated
2026-03-06 17:01:49	rank raw_watch n=16 head=['107640', '233740', '052690', '006920', '126340', '078350', '127120', '000720', '089970', '468530']
2026-03-06 17:01:49	rank stable_watch n=16 head=['107640', '233740', '052690', '006920', '126340', '078350', '127120', '000720', '089970', '468530']
2026-03-06 17:01:49	rank integrity total=16 unique=16 bad_format=0 dup=0 low_price=0 quote_miss=off
2026-03-06 17:01:49	rank detail radar_combo markets=['J'] pool=84 selected=16 volume_rank=29 strength=55 condition=0 drop_price=31 drop_chg=16 drop_heat=20 drop_tv=1 drop_vol=0 drop_spread=0 drop_score=0
2026-03-06 17:01:49	rank source rank_pref=0 rank_backup=0 volume_rank=4 strength=12 condition=0 fallback=0
2026-03-06 17:01:55	watchlist updated
2026-03-06 17:02:09	rank raw_watch n=15 head=['233740', '006920', '126340', '078350', '052690', '127120', '000720', '089970', '468530', '200710']
2026-03-06 17:02:09	rank stable_watch n=15 head=['233740', '006920', '126340', '078350', '052690', '127120', '000720', '089970', '468530', '200710']
2026-03-06 17:02:09	rank integrity total=15 unique=15 bad_format=0 dup=0 low_price=0 quote_miss=off
2026-03-06 17:02:09	rank detail radar_combo markets=['J'] pool=84 selected=15 volume_rank=29 strength=55 condition=0 drop_price=31 drop_chg=17 drop_heat=20 drop_tv=1 drop_vol=0 drop_spread=0 drop_score=0
2026-03-06 17:02:09	rank source rank_pref=0 rank_backup=0 volume_rank=4 strength=11 condition=0 fallback=0
2026-03-06 17:02:15	watchlist updated
2026-03-06 17:02:30	rank raw_watch n=15 head=['233740', '006920', '126340', '078350', '052690', '127120', '000720', '089970', '468530', '200710']
2026-03-06 17:02:30	rank stable_watch n=15 head=['233740', '006920', '126340', '078350', '052690', '127120', '000720', '089970', '468530', '200710']
2026-03-06 17:02:30	rank integrity total=15 unique=15 bad_format=0 dup=0 low_price=0 quote_miss=off
2026-03-06 17:02:30	rank detail radar_combo markets=['J'] pool=84 selected=15 volume_rank=29 strength=55 condition=0 drop_price=31 drop_chg=17 drop_heat=20 drop_tv=1 drop_vol=0 drop_spread=0 drop_score=0
2026-03-06 17:02:30	rank source rank_pref=0 rank_backup=0 volume_rank=4 strength=11 condition=0 fallback=0
2026-03-06 17:02:36	watchlist unchanged
2026-03-06 17:02:50	rank raw_watch n=15 head=['233740', '251270', '006920', '126340', '078350', '127120', '000720', '089970', '468530', '200710']
2026-03-06 17:02:50	rank stable_watch n=15 head=['233740', '251270', '006920', '126340', '078350', '127120', '000720', '089970', '468530', '200710']
2026-03-06 17:02:50	rank integrity total=15 unique=15 bad_format=0 dup=0 low_price=0 quote_miss=off
2026-03-06 17:02:50	rank detail radar_combo markets=['J'] pool=84 selected=15 volume_rank=29 strength=55 condition=0 drop_price=31 drop_chg=17 drop_heat=20 drop_tv=1 drop_vol=0 drop_spread=0 drop_score=0
2026-03-06 17:02:50	rank source rank_pref=0 rank_backup=0 volume_rank=4 strength=11 condition=0 fallback=0
2026-03-06 17:02:56	watchlist updated
2026-03-06 17:03:10	rank raw_watch n=15 head=['233740', '251270', '006920', '126340', '078350', '127120', '468530', '089970', '000720', '200710']
2026-03-06 17:03:10	rank stable_watch n=15 head=['233740', '251270', '006920', '126340', '078350', '127120', '468530', '089970', '000720', '200710']
2026-03-06 17:03:10	rank integrity total=15 unique=15 bad_format=0 dup=0 low_price=0 quote_miss=off
2026-03-06 17:03:10	rank detail radar_combo markets=['J'] pool=84 selected=15 volume_rank=29 strength=55 condition=0 drop_price=31 drop_chg=18 drop_heat=19 drop_tv=1 drop_vol=0 drop_spread=0 drop_score=0
2026-03-06 17:03:10	rank source rank_pref=0 rank_backup=0 volume_rank=4 strength=11 condition=0 fallback=0
2026-03-06 17:03:16	watchlist updated
2026-03-06 17:03:30	rank raw_watch n=15 head=['233740', '251270', '006920', '126340', '078350', '127120', '468530', '089970', '000720', '200710']
2026-03-06 17:03:30	rank stable_watch n=15 head=['233740', '251270', '006920', '126340', '078350', '127120', '468530', '089970', '000720', '200710']
2026-03-06 17:03:30	rank integrity total=15 unique=15 bad_format=0 dup=0 low_price=0 quote_miss=off
2026-03-06 17:03:30	rank detail radar_combo markets=['J'] pool=84 selected=15 volume_rank=29 strength=55 condition=0 drop_price=31 drop_chg=18 drop_heat=19 drop_tv=1 drop_vol=0 drop_spread=0 drop_score=0
2026-03-06 17:03:30	rank source rank_pref=0 rank_backup=0 volume_rank=4 strength=11 condition=0 fallback=0
2026-03-06 17:03:36	watchlist unchanged
2026-03-06 17:03:50	rank raw_watch n=15 head=['233740', '047050', '006920', '126340', '078350', '127120', '468530', '000720', '089970', '200710']
2026-03-06 17:03:50	rank stable_watch n=15 head=['233740', '047050', '006920', '126340', '078350', '127120', '468530', '000720', '089970', '200710']
2026-03-06 17:03:50	rank integrity total=15 unique=15 bad_format=0 dup=0 low_price=0 quote_miss=off
2026-03-06 17:03:50	rank detail radar_combo markets=['J'] pool=84 selected=15 volume_rank=29 strength=55 condition=0 drop_price=31 drop_chg=17 drop_heat=20 drop_tv=1 drop_vol=0 drop_spread=0 drop_score=0
2026-03-06 17:03:50	rank source rank_pref=0 rank_backup=0 volume_rank=4 strength=11 condition=0 fallback=0
2026-03-06 17:03:56	watchlist updated
2026-03-06 17:04:10	rank raw_watch n=15 head=['233740', '083450', '006920', '126340', '078350', '127120', '468530', '089970', '000720', '200710']
2026-03-06 17:04:10	rank stable_watch n=15 head=['233740', '083450', '006920', '126340', '078350', '127120', '468530', '089970', '000720', '200710']
2026-03-06 17:04:10	rank integrity total=15 unique=15 bad_format=0 dup=0 low_price=0 quote_miss=off
2026-03-06 17:04:10	rank detail radar_combo markets=['J'] pool=84 selected=15 volume_rank=29 strength=55 condition=0 drop_price=31 drop_chg=18 drop_heat=19 drop_tv=1 drop_vol=0 drop_spread=0 drop_score=0
2026-03-06 17:04:10	rank source rank_pref=0 rank_backup=0 volume_rank=4 strength=11 condition=0 fallback=0
2026-03-06 17:04:16	watchlist updated
2026-03-06 17:04:31	rank raw_watch n=15 head=['233740', '083450', '006920', '078350', '126340', '127120', '468530', '089970', '000720', '200710']
2026-03-06 17:04:31	rank stable_watch n=15 head=['233740', '083450', '006920', '078350', '126340', '127120', '468530', '089970', '000720', '200710']
2026-03-06 17:04:31	rank integrity total=15 unique=15 bad_format=0 dup=0 low_price=0 quote_miss=off
2026-03-06 17:04:31	rank detail radar_combo markets=['J'] pool=84 selected=15 volume_rank=29 strength=55 condition=0 drop_price=31 drop_chg=18 drop_heat=19 drop_tv=1 drop_vol=0 drop_spread=0 drop_score=0
2026-03-06 17:04:31	rank source rank_pref=0 rank_backup=0 volume_rank=4 strength=11 condition=0 fallback=0
2026-03-06 17:04:37	watchlist updated
2026-03-06 17:04:51	rank raw_watch n=15 head=['233740', '006920', '078350', '126340', '052690', '127120', '468530', '089970', '000720', '200710']
2026-03-06 17:04:51	rank stable_watch n=15 head=['233740', '006920', '078350', '126340', '052690', '127120', '468530', '089970', '000720', '200710']
2026-03-06 17:04:51	rank integrity total=15 unique=15 bad_format=0 dup=0 low_price=0 quote_miss=off
2026-03-06 17:04:51	rank detail radar_combo markets=['J'] pool=84 selected=15 volume_rank=29 strength=55 condition=0 drop_price=31 drop_chg=18 drop_heat=19 drop_tv=1 drop_vol=0 drop_spread=0 drop_score=0
2026-03-06 17:04:51	rank source rank_pref=0 rank_backup=0 volume_rank=4 strength=11 condition=0 fallback=0
2026-03-06 17:04:58	watchlist updated
2026-03-06 17:05:12	rank raw_watch n=15 head=['233740', '006920', '078350', '126340', '052690', '127120', '468530', '089970', '000720', '200710']
2026-03-06 17:05:12	rank stable_watch n=15 head=['233740', '006920', '078350', '126340', '052690', '127120', '468530', '089970', '000720', '200710']
2026-03-06 17:05:12	rank integrity total=15 unique=15 bad_format=0 dup=0 low_price=0 quote_miss=off
2026-03-06 17:05:12	rank detail radar_combo markets=['J'] pool=84 selected=15 volume_rank=29 strength=55 condition=0 drop_price=31 drop_chg=17 drop_heat=20 drop_tv=1 drop_vol=0 drop_spread=0 drop_score=0
2026-03-06 17:05:12	rank source rank_pref=0 rank_backup=0 volume_rank=4 strength=11 condition=0 fallback=0
2026-03-06 17:05:18	watchlist unchanged
2026-03-06 17:05:32	rank raw_watch n=15 head=['233740', '006920', '078350', '126340', '052690', '127120', '468530', '200710', '089970', '000720']
2026-03-06 17:05:32	rank stable_watch n=15 head=['233740', '006920', '078350', '126340', '052690', '127120', '468530', '200710', '089970', '000720']
2026-03-06 17:05:32	rank integrity total=15 unique=15 bad_format=0 dup=0 low_price=0 quote_miss=off
2026-03-06 17:05:32	rank detail radar_combo markets=['J'] pool=84 selected=15 volume_rank=29 strength=55 condition=0 drop_price=31 drop_chg=18 drop_heat=19 drop_tv=1 drop_vol=0 drop_spread=0 drop_score=0
2026-03-06 17:05:32	rank source rank_pref=0 rank_backup=0 volume_rank=4 strength=11 condition=0 fallback=0
2026-03-06 17:05:39	watchlist updated
2026-03-06 17:05:53	rank raw_watch n=15 head=['233740', '006920', '126340', '078350', '052690', '127120', '468530', '200710', '089970', '000720']
2026-03-06 17:05:53	rank stable_watch n=15 head=['233740', '006920', '126340', '078350', '052690', '127120', '468530', '200710', '089970', '000720']
2026-03-06 17:05:53	rank integrity total=15 unique=15 bad_format=0 dup=0 low_price=0 quote_miss=off
2026-03-06 17:05:53	rank detail radar_combo markets=['J'] pool=84 selected=15 volume_rank=29 strength=55 condition=0 drop_price=31 drop_chg=18 drop_heat=19 drop_tv=1 drop_vol=0 drop_spread=0 drop_score=0
2026-03-06 17:05:53	rank source rank_pref=0 rank_backup=0 volume_rank=4 strength=11 condition=0 fallback=0
2026-03-06 17:05:59	watchlist updated
2026-03-06 17:06:13	rank raw_watch n=15 head=['233740', '006920', '126340', '078350', '052690', '127120', '468530', '089970', '000720', '200710']
2026-03-06 17:06:13	rank stable_watch n=15 head=['233740', '006920', '126340', '078350', '052690', '127120', '468530', '089970', '000720', '200710']
2026-03-06 17:06:13	rank integrity total=15 unique=15 bad_format=0 dup=0 low_price=0 quote_miss=off
2026-03-06 17:06:13	rank detail radar_combo markets=['J'] pool=84 selected=15 volume_rank=29 strength=55 condition=0 drop_price=31 drop_chg=18 drop_heat=19 drop_tv=1 drop_vol=0 drop_spread=0 drop_score=0
2026-03-06 17:06:13	rank source rank_pref=0 rank_backup=0 volume_rank=4 strength=11 condition=0 fallback=0
2026-03-06 17:06:19	watchlist updated
2026-03-06 17:06:33	rank raw_watch n=15 head=['233740', '006920', '126340', '078350', '052690', '127120', '468530', '089970', '200710', '000720']
2026-03-06 17:06:33	rank stable_watch n=15 head=['233740', '006920', '126340', '078350', '052690', '127120', '468530', '089970', '200710', '000720']
2026-03-06 17:06:33	rank integrity total=15 unique=15 bad_format=0 dup=0 low_price=0 quote_miss=off
2026-03-06 17:06:33	rank detail radar_combo markets=['J'] pool=84 selected=15 volume_rank=29 strength=55 condition=0 drop_price=31 drop_chg=18 drop_heat=19 drop_tv=1 drop_vol=0 drop_spread=0 drop_score=0
2026-03-06 17:06:33	rank source rank_pref=0 rank_backup=0 volume_rank=4 strength=11 condition=0 fallback=0
2026-03-06 17:06:39	watchlist updated
2026-03-06 17:06:54	rank raw_watch n=15 head=['233740', '006920', '126340', '078350', '052690', '127120', '468530', '200710', '089970', '000720']
2026-03-06 17:06:54	rank stable_watch n=15 head=['233740', '006920', '126340', '078350', '052690', '127120', '468530', '200710', '089970', '000720']
2026-03-06 17:06:54	rank integrity total=15 unique=15 bad_format=0 dup=0 low_price=0 quote_miss=off
2026-03-06 17:06:54	rank detail radar_combo markets=['J'] pool=84 selected=15 volume_rank=29 strength=55 condition=0 drop_price=31 drop_chg=18 drop_heat=19 drop_tv=1 drop_vol=0 drop_spread=0 drop_score=0
2026-03-06 17:06:54	rank source rank_pref=0 rank_backup=0 volume_rank=4 strength=11 condition=0 fallback=0
2026-03-06 17:07:00	watchlist updated
2026-03-06 17:07:14	rank raw_watch n=15 head=['233740', '126340', '006920', '078350', '127120', '052690', '468530', '200710', '089970', '000720']
2026-03-06 17:07:14	rank stable_watch n=15 head=['233740', '126340', '006920', '078350', '127120', '052690', '468530', '200710', '089970', '000720']
2026-03-06 17:07:14	rank integrity total=15 unique=15 bad_format=0 dup=0 low_price=0 quote_miss=off
2026-03-06 17:07:14	rank detail radar_combo markets=['J'] pool=84 selected=15 volume_rank=29 strength=55 condition=0 drop_price=31 drop_chg=18 drop_heat=19 drop_tv=1 drop_vol=0 drop_spread=0 drop_score=0
2026-03-06 17:07:14	rank source rank_pref=0 rank_backup=0 volume_rank=4 strength=11 condition=0 fallback=0
2026-03-06 17:07:20	watchlist updated
2026-03-06 17:07:34	rank raw_watch n=15 head=['233740', '126340', '006920', '078350', '127120', '052690', '468530', '200710', '089970', '000720']
2026-03-06 17:07:34	rank stable_watch n=15 head=['233740', '126340', '006920', '078350', '127120', '052690', '468530', '200710', '089970', '000720']
2026-03-06 17:07:34	rank integrity total=15 unique=15 bad_format=0 dup=0 low_price=0 quote_miss=off
2026-03-06 17:07:34	rank detail radar_combo markets=['J'] pool=84 selected=15 volume_rank=29 strength=55 condition=0 drop_price=31 drop_chg=18 drop_heat=19 drop_tv=1 drop_vol=0 drop_spread=0 drop_score=0
2026-03-06 17:07:34	rank source rank_pref=0 rank_backup=0 volume_rank=4 strength=11 condition=0 fallback=0
2026-03-06 17:07:40	watchlist updated
2026-03-06 17:07:54	rank raw_watch n=15 head=['233740', '126340', '006920', '078350', '052690', '127120', '468530', '200710', '089970', '000720']
2026-03-06 17:07:54	rank stable_watch n=15 head=['233740', '126340', '006920', '078350', '052690', '127120', '468530', '200710', '089970', '000720']
2026-03-06 17:07:54	rank integrity total=15 unique=15 bad_format=0 dup=0 low_price=0 quote_miss=off
2026-03-06 17:07:54	rank detail radar_combo markets=['J'] pool=84 selected=15 volume_rank=29 strength=55 condition=0 drop_price=31 drop_chg=18 drop_heat=19 drop_tv=1 drop_vol=0 drop_spread=0 drop_score=0
2026-03-06 17:07:54	rank source rank_pref=0 rank_backup=0 volume_rank=4 strength=11 condition=0 fallback=0
2026-03-06 17:08:00	watchlist updated
2026-03-06 17:08:14	rank raw_watch n=15 head=['233740', '047050', '126340', '006920', '078350', '127120', '468530', '200710', '089970', '000720']
2026-03-06 17:08:14	rank stable_watch n=15 head=['233740', '047050', '126340', '006920', '078350', '127120', '468530', '200710', '089970', '000720']
2026-03-06 17:08:14	rank integrity total=15 unique=15 bad_format=0 dup=0 low_price=0 quote_miss=off
2026-03-06 17:08:14	rank detail radar_combo markets=['J'] pool=84 selected=15 volume_rank=29 strength=55 condition=0 drop_price=31 drop_chg=18 drop_heat=19 drop_tv=1 drop_vol=0 drop_spread=0 drop_score=0
2026-03-06 17:08:14	rank source rank_pref=0 rank_backup=0 volume_rank=4 strength=11 condition=0 fallback=0
2026-03-06 17:08:20	watchlist updated
2026-03-06 17:08:34	rank raw_watch n=15 head=['233740', '047050', '126340', '006920', '078350', '127120', '468530', '200710', '089970', '000720']
2026-03-06 17:08:34	rank stable_watch n=15 head=['233740', '047050', '126340', '006920', '078350', '127120', '468530', '200710', '089970', '000720']
2026-03-06 17:08:34	rank integrity total=15 unique=15 bad_format=0 dup=0 low_price=0 quote_miss=off
2026-03-06 17:08:34	rank detail radar_combo markets=['J'] pool=84 selected=15 volume_rank=29 strength=55 condition=0 drop_price=31 drop_chg=18 drop_heat=19 drop_tv=1 drop_vol=0 drop_spread=0 drop_score=0
2026-03-06 17:08:34	rank source rank_pref=0 rank_backup=0 volume_rank=4 strength=11 condition=0 fallback=0
2026-03-06 17:08:40	watchlist unchanged
2026-03-06 17:08:54	rank raw_watch n=15 head=['233740', '126340', '083450', '006920', '078350', '127120', '468530', '200710', '089970', '000720']
2026-03-06 17:08:54	rank stable_watch n=15 head=['233740', '126340', '083450', '006920', '078350', '127120', '468530', '200710', '089970', '000720']
2026-03-06 17:08:54	rank integrity total=15 unique=15 bad_format=0 dup=0 low_price=0 quote_miss=off
2026-03-06 17:08:54	rank detail radar_combo markets=['J'] pool=84 selected=15 volume_rank=29 strength=55 condition=0 drop_price=31 drop_chg=18 drop_heat=19 drop_tv=1 drop_vol=0 drop_spread=0 drop_score=0
2026-03-06 17:08:54	rank source rank_pref=0 rank_backup=0 volume_rank=4 strength=11 condition=0 fallback=0
2026-03-06 17:09:00	watchlist updated
2026-03-06 17:09:15	rank raw_watch n=15 head=['233740', '126340', '083450', '006920', '078350', '127120', '468530', '200710', '089970', '000720']
2026-03-06 17:09:15	rank stable_watch n=15 head=['233740', '126340', '083450', '006920', '078350', '127120', '468530', '200710', '089970', '000720']
2026-03-06 17:09:15	rank integrity total=15 unique=15 bad_format=0 dup=0 low_price=0 quote_miss=off
2026-03-06 17:09:15	rank detail radar_combo markets=['J'] pool=84 selected=15 volume_rank=29 strength=55 condition=0 drop_price=31 drop_chg=18 drop_heat=19 drop_tv=1 drop_vol=0 drop_spread=0 drop_score=0
2026-03-06 17:09:15	rank source rank_pref=0 rank_backup=0 volume_rank=4 strength=11 condition=0 fallback=0
2026-03-06 17:09:22	watchlist unchanged
2026-03-06 17:09:37	rank raw_watch n=15 head=['233740', '126340', '047050', '006920', '078350', '127120', '468530', '200710', '000720', '089970']
2026-03-06 17:09:37	rank stable_watch n=15 head=['233740', '126340', '047050', '006920', '078350', '127120', '468530', '200710', '000720', '089970']
2026-03-06 17:09:37	rank integrity total=15 unique=15 bad_format=0 dup=0 low_price=0 quote_miss=off
2026-03-06 17:09:37	rank detail radar_combo markets=['J'] pool=84 selected=15 volume_rank=29 strength=55 condition=0 drop_price=31 drop_chg=18 drop_heat=19 drop_tv=1 drop_vol=0 drop_spread=0 drop_score=0
2026-03-06 17:09:37	rank source rank_pref=0 rank_backup=0 volume_rank=4 strength=11 condition=0 fallback=0
2026-03-06 17:09:43	watchlist updated
2026-03-06 17:09:57	rank raw_watch n=15 head=['233740', '047050', '126340', '006920', '078350', '127120', '468530', '200710', '000720', '089970']
2026-03-06 17:09:57	rank stable_watch n=15 head=['233740', '047050', '126340', '006920', '078350', '127120', '468530', '200710', '000720', '089970']
2026-03-06 17:09:57	rank integrity total=15 unique=15 bad_format=0 dup=0 low_price=0 quote_miss=off
2026-03-06 17:09:57	rank detail radar_combo markets=['J'] pool=84 selected=15 volume_rank=29 strength=55 condition=0 drop_price=31 drop_chg=18 drop_heat=19 drop_tv=1 drop_vol=0 drop_spread=0 drop_score=0
2026-03-06 17:09:57	rank source rank_pref=0 rank_backup=0 volume_rank=4 strength=11 condition=0 fallback=0
2026-03-06 17:10:03	watchlist updated
2026-03-06 17:10:17	rank raw_watch n=15 head=['233740', '126340', '083450', '006920', '078350', '127120', '468530', '200710', '000720', '089970']
2026-03-06 17:10:17	rank stable_watch n=15 head=['233740', '126340', '083450', '006920', '078350', '127120', '468530', '200710', '000720', '089970']
2026-03-06 17:10:17	rank integrity total=15 unique=15 bad_format=0 dup=0 low_price=0 quote_miss=off
2026-03-06 17:10:17	rank detail radar_combo markets=['J'] pool=84 selected=15 volume_rank=29 strength=55 condition=0 drop_price=31 drop_chg=18 drop_heat=19 drop_tv=1 drop_vol=0 drop_spread=0 drop_score=0
2026-03-06 17:10:17	rank source rank_pref=0 rank_backup=0 volume_rank=4 strength=11 condition=0 fallback=0
2026-03-06 17:10:23	watchlist updated
2026-03-06 17:10:37	rank raw_watch n=15 head=['233740', '083450', '006920', '126340', '078350', '468530', '127120', '000720', '200710', '089970']
2026-03-06 17:10:37	rank stable_watch n=15 head=['233740', '083450', '006920', '126340', '078350', '468530', '127120', '000720', '200710', '089970']
2026-03-06 17:10:37	rank integrity total=15 unique=15 bad_format=0 dup=0 low_price=0 quote_miss=off
2026-03-06 17:10:37	rank detail radar_combo markets=['J'] pool=84 selected=15 volume_rank=29 strength=55 condition=0 drop_price=31 drop_chg=18 drop_heat=19 drop_tv=1 drop_vol=0 drop_spread=0 drop_score=0
2026-03-06 17:10:37	rank source rank_pref=0 rank_backup=0 volume_rank=4 strength=11 condition=0 fallback=0
2026-03-06 17:10:43	watchlist updated
2026-03-06 17:10:57	rank raw_watch n=15 head=['233740', '083450', '006920', '126340', '078350', '468530', '127120', '000720', '200710', '089970']
2026-03-06 17:10:57	rank stable_watch n=15 head=['233740', '083450', '006920', '126340', '078350', '468530', '127120', '000720', '200710', '089970']
2026-03-06 17:10:57	rank integrity total=15 unique=15 bad_format=0 dup=0 low_price=0 quote_miss=off
2026-03-06 17:10:57	rank detail radar_combo markets=['J'] pool=84 selected=15 volume_rank=29 strength=55 condition=0 drop_price=31 drop_chg=18 drop_heat=19 drop_tv=1 drop_vol=0 drop_spread=0 drop_score=0
2026-03-06 17:10:57	rank source rank_pref=0 rank_backup=0 volume_rank=4 strength=11 condition=0 fallback=0
2026-03-06 17:11:04	watchlist updated
2026-03-06 17:11:18	rank raw_watch n=15 head=['233740', '083450', '006920', '126340', '078350', '468530', '127120', '000720', '200710', '089970']
2026-03-06 17:11:18	rank stable_watch n=15 head=['233740', '083450', '006920', '126340', '078350', '468530', '127120', '000720', '200710', '089970']
2026-03-06 17:11:18	rank integrity total=15 unique=15 bad_format=0 dup=0 low_price=0 quote_miss=off
2026-03-06 17:11:18	rank detail radar_combo markets=['J'] pool=84 selected=15 volume_rank=29 strength=55 condition=0 drop_price=31 drop_chg=18 drop_heat=19 drop_tv=1 drop_vol=0 drop_spread=0 drop_score=0
2026-03-06 17:11:18	rank source rank_pref=0 rank_backup=0 volume_rank=4 strength=11 condition=0 fallback=0
2026-03-06 17:11:24	watchlist unchanged
2026-03-06 17:11:38	rank raw_watch n=15 head=['233740', '083450', '006920', '126340', '078350', '468530', '127120', '000720', '200710', '089970']
2026-03-06 17:11:38	rank stable_watch n=15 head=['233740', '083450', '006920', '126340', '078350', '468530', '127120', '000720', '200710', '089970']
2026-03-06 17:11:38	rank integrity total=15 unique=15 bad_format=0 dup=0 low_price=0 quote_miss=off
2026-03-06 17:11:38	rank detail radar_combo markets=['J'] pool=84 selected=15 volume_rank=29 strength=55 condition=0 drop_price=31 drop_chg=18 drop_heat=19 drop_tv=1 drop_vol=0 drop_spread=0 drop_score=0
2026-03-06 17:11:38	rank source rank_pref=0 rank_backup=0 volume_rank=4 strength=11 condition=0 fallback=0
2026-03-06 17:11:44	watchlist unchanged
2026-03-06 17:11:58	rank raw_watch n=16 head=['107640', '233740', '083450', '006920', '126340', '078350', '468530', '127120', '000720', '200710']
2026-03-06 17:11:58	rank stable_watch n=16 head=['107640', '233740', '083450', '006920', '126340', '078350', '468530', '127120', '000720', '200710']
2026-03-06 17:11:58	rank integrity total=16 unique=16 bad_format=0 dup=0 low_price=0 quote_miss=off
2026-03-06 17:11:58	rank detail radar_combo markets=['J'] pool=84 selected=16 volume_rank=29 strength=55 condition=0 drop_price=31 drop_chg=17 drop_heat=19 drop_tv=1 drop_vol=0 drop_spread=0 drop_score=0
2026-03-06 17:11:58	rank source rank_pref=0 rank_backup=0 volume_rank=4 strength=12 condition=0 fallback=0
2026-03-08 01:01:33	START scanner_company_rank mode
2026-03-08 01:01:33	BOOT keep existing watchlist n=15 head=['233740', '083450', '006920', '126340', '078350', '468530', '127120', '000720', '200710', '089970']
2026-03-08 01:01:48	rank raw_watch n=20 head=['034020', '222800', '233740', '272290', '107640', '126340', '006920', '127120', '004020', '437730']
2026-03-08 01:01:48	rank stable_watch n=20 head=['034020', '222800', '233740', '272290', '107640', '126340', '006920', '127120', '004020', '437730']
2026-03-08 01:01:48	rank integrity total=20 unique=20 bad_format=0 dup=0 low_price=0 quote_miss=off
2026-03-08 01:01:48	rank detail radar_combo markets=['J'] pool=84 selected=20 volume_rank=29 strength=55 condition=0 drop_price=31 drop_chg=14 drop_heat=18 drop_tv=1 drop_vol=0 drop_spread=0 drop_score=0 soft_heat=10.5
2026-03-08 01:01:48	rank source rank_pref=0 rank_backup=0 volume_rank=4 strength=16 condition=0 fallback=0
2026-03-08 01:01:57	watchlist updated
2026-03-08 01:02:13	rank raw_watch n=20 head=['034020', '222800', '233740', '272290', '107640', '126340', '006920', '127120', '004020', '437730']
2026-03-08 01:02:13	rank stable_watch n=20 head=['034020', '222800', '233740', '272290', '107640', '126340', '006920', '127120', '004020', '437730']
2026-03-08 01:02:13	rank integrity total=20 unique=20 bad_format=0 dup=0 low_price=0 quote_miss=off
2026-03-08 01:02:13	rank detail radar_combo markets=['J'] pool=84 selected=20 volume_rank=29 strength=55 condition=0 drop_price=31 drop_chg=14 drop_heat=18 drop_tv=1 drop_vol=0 drop_spread=0 drop_score=0 soft_heat=10.5
2026-03-08 01:02:13	rank source rank_pref=0 rank_backup=0 volume_rank=4 strength=16 condition=0 fallback=0
2026-03-08 01:02:22	watchlist unchanged
2026-03-08 01:02:37	rank raw_watch n=20 head=['034020', '222800', '233740', '272290', '107640', '126340', '006920', '127120', '004020', '437730']
2026-03-08 01:02:37	rank stable_watch n=20 head=['034020', '222800', '233740', '272290', '107640', '126340', '006920', '127120', '004020', '437730']
2026-03-08 01:02:37	rank integrity total=20 unique=20 bad_format=0 dup=0 low_price=0 quote_miss=off
2026-03-08 01:02:37	rank detail radar_combo markets=['J'] pool=84 selected=20 volume_rank=29 strength=55 condition=0 drop_price=31 drop_chg=14 drop_heat=18 drop_tv=1 drop_vol=0 drop_spread=0 drop_score=0 soft_heat=10.5
2026-03-08 01:02:37	rank source rank_pref=0 rank_backup=0 volume_rank=4 strength=16 condition=0 fallback=0
2026-03-08 01:02:45	watchlist unchanged
2026-03-08 01:03:00	rank raw_watch n=20 head=['034020', '222800', '233740', '272290', '107640', '126340', '006920', '127120', '004020', '437730']
2026-03-08 01:03:00	rank stable_watch n=20 head=['034020', '222800', '233740', '272290', '107640', '126340', '006920', '127120', '004020', '437730']
2026-03-08 01:03:00	rank integrity total=20 unique=20 bad_format=0 dup=0 low_price=0 quote_miss=off
2026-03-08 01:03:00	rank detail radar_combo markets=['J'] pool=84 selected=20 volume_rank=29 strength=55 condition=0 drop_price=31 drop_chg=14 drop_heat=18 drop_tv=1 drop_vol=0 drop_spread=0 drop_score=0 soft_heat=10.5
2026-03-08 01:03:00	rank source rank_pref=0 rank_backup=0 volume_rank=4 strength=16 condition=0 fallback=0
2026-03-08 01:03:09	watchlist unchanged
2026-03-08 01:03:24	rank raw_watch n=20 head=['034020', '222800', '233740', '272290', '107640', '126340', '006920', '127120', '004020', '437730']
2026-03-08 01:03:24	rank stable_watch n=20 head=['034020', '222800', '233740', '272290', '107640', '126340', '006920', '127120', '004020', '437730']
2026-03-08 01:03:24	rank integrity total=20 unique=20 bad_format=0 dup=0 low_price=0 quote_miss=off
2026-03-08 01:03:24	rank detail radar_combo markets=['J'] pool=84 selected=20 volume_rank=29 strength=55 condition=0 drop_price=31 drop_chg=14 drop_heat=18 drop_tv=1 drop_vol=0 drop_spread=0 drop_score=0 soft_heat=10.5
2026-03-08 01:03:24	rank source rank_pref=0 rank_backup=0 volume_rank=4 strength=16 condition=0 fallback=0
2026-03-08 01:03:33	watchlist unchanged
2026-03-08 01:03:48	rank raw_watch n=20 head=['034020', '222800', '233740', '272290', '107640', '126340', '006920', '127120', '004020', '437730']
2026-03-08 01:03:48	rank stable_watch n=20 head=['034020', '222800', '233740', '272290', '107640', '126340', '006920', '127120', '004020', '437730']
2026-03-08 01:03:48	rank integrity total=20 unique=20 bad_format=0 dup=0 low_price=0 quote_miss=off
2026-03-08 01:03:48	rank detail radar_combo markets=['J'] pool=84 selected=20 volume_rank=29 strength=55 condition=0 drop_price=31 drop_chg=14 drop_heat=18 drop_tv=1 drop_vol=0 drop_spread=0 drop_score=0 soft_heat=10.5
2026-03-08 01:03:48	rank source rank_pref=0 rank_backup=0 volume_rank=4 strength=16 condition=0 fallback=0
2026-03-08 01:03:57	watchlist unchanged
