2026-02-12 19:57:56,984 - INFO - 
============================================================
2026-02-12 19:57:56,985 - INFO - 🚀 트레이딩 봇 v6.2.7 시작
2026-02-12 19:57:56,985 - INFO - ============================================================
2026-02-12 19:57:56,985 - INFO - 
STEP 1: 환경변수 검증
2026-02-12 19:57:56,985 - INFO - ✅ 환경변수 검증 완료
2026-02-12 19:57:56,985 - INFO - 
STEP 2: OrderManager 시작
2026-02-12 19:57:56,986 - INFO - ✅ OrderManager 시작 (이벤트 기반 체결 확인)
2026-02-12 19:57:56,986 - INFO - 
STEP 3: 토큰 발급
2026-02-12 19:57:56,986 - INFO - 🔑 새 토큰 발급 중...
2026-02-12 19:57:56,986 - INFO -    시도 (1/3)...
2026-02-12 19:57:57,478 - INFO - ✅ 토큰 발급 성공 (만료: 19:52:57)
2026-02-12 19:57:57,484 - INFO - ✅ 토큰 발급 성공
2026-02-12 19:57:57,485 - INFO - 
STEP 4: 웹소켓 접속키 발급
2026-02-12 19:57:57,485 - INFO - 🔐 접속키 발급 시도 (1/10)...
2026-02-12 19:57:57,870 - INFO - ✅ 접속키 발급 성공: a047b401-b971-4d96-a...
2026-02-12 19:57:57,871 - INFO - ⏳ 접속키 활성화 대기 중 (5초)...
2026-02-12 19:58:02,872 - INFO - ✅ 접속키 활성화 완료!
2026-02-12 19:58:02,873 - INFO - 
STEP 5: 계좌 정보 조회
2026-02-12 19:58:03,695 - INFO - 💰 현금: 0원 | 보유: 0개 | 총자산: 0원
2026-02-12 19:58:03,695 - INFO - 
STEP 6: 데이터 저장소 초기화
2026-02-12 19:58:03,697 - INFO - 
STEP 7: 웹소켓 연결
2026-02-12 19:58:03,697 - INFO - 🔌 웹소켓 연결 시도 1/3
2026-02-12 19:58:03,697 - INFO - 🔌 웹소켓 연결 시도...
2026-02-12 19:58:03,698 - INFO - 📍 URL: ws://ops.koreainvestment.com:21000
2026-02-12 19:58:03,698 - INFO - 🔑 접속키: a047b401-b971-4d96-a...
2026-02-12 19:58:03,727 - INFO - Websocket connected
2026-02-12 19:58:03,728 - INFO - ━━━━━━━━━━━━━━━━━━━━━━━━━━━━━━━
2026-02-12 19:58:03,728 - INFO - ✅ 웹소켓 연결 성공!
2026-02-12 19:58:03,729 - INFO -    URL: ws://ops.koreainvestment.com:21000
2026-02-12 19:58:03,729 - INFO -    접속키: a047b401-b971-4d96-a...
2026-02-12 19:58:03,730 - INFO - ━━━━━━━━━━━━━━━━━━━━━━━━━━━━━━━
2026-02-12 19:58:04,200 - INFO - ✅ 웹소켓 연결 성공!
2026-02-12 19:58:04,200 - INFO - 
STEP 8: 종목 사전 구독
2026-02-12 19:58:04,613 - INFO - ✅ 거래량 상위 21개 종목 조회
2026-02-12 19:58:04,614 - INFO - 🔍 21개 종목 사전 구독 중...
2026-02-12 19:58:04,680 - ERROR - ⚠️  웹소켓 에러: [WinError 10054] 현재 연결은 원격 호스트에 의해 강제로 끊겼습니다
2026-02-12 19:58:04,682 - WARNING - 🔄 5초 후 재연결 시도 (1/10)...
2026-02-12 19:58:04,682 - ERROR - [WinError 10054] 현재 연결은 원격 호스트에 의해 강제로 끊겼습니다 - goodbye
2026-02-12 19:58:04,683 - WARNING - ⚠️  웹소켓 종료! (코드: None, 메시지: None)
2026-02-12 19:58:05,120 - INFO -   진행: 10/21
2026-02-12 19:58:05,623 - INFO -   진행: 20/21
2026-02-12 19:58:05,674 - INFO - 
✅ 사전 구독 완료
2026-02-12 19:58:06,332 - INFO - 
STEP 9: 메인 루프 시작
2026-02-12 19:58:06,332 - INFO - ============================================================
2026-02-12 19:58:10,314 - INFO - 🔄 재연결을 위한 새 접속키 발급 중...
2026-02-12 19:58:10,314 - INFO - 🔐 접속키 발급 시도 (1/10)...
2026-02-12 19:58:10,706 - INFO - ✅ 접속키 발급 성공: 666e8f53-b7b7-434c-b...
2026-02-12 19:58:10,707 - INFO - ✅ 새 접속키 발급 완료
2026-02-12 19:58:10,707 - INFO - ⏳ 접속키 활성화 대기 중 (5초)...
2026-02-12 19:58:15,708 - INFO - 🔌 웹소켓 연결 시도...
2026-02-12 19:58:15,708 - INFO - 📍 URL: ws://ops.koreainvestment.com:21000
2026-02-12 19:58:15,709 - INFO - 🔑 접속키: 666e8f53-b7b7-434c-b...
2026-02-12 19:58:15,744 - INFO - Websocket connected
2026-02-12 19:58:15,744 - INFO - ━━━━━━━━━━━━━━━━━━━━━━━━━━━━━━━
2026-02-12 19:58:15,745 - INFO - ✅ 웹소켓 연결 성공!
2026-02-12 19:58:15,745 - INFO -    URL: ws://ops.koreainvestment.com:21000
2026-02-12 19:58:15,746 - INFO -    접속키: 666e8f53-b7b7-434c-b...
2026-02-12 19:58:15,746 - INFO - ━━━━━━━━━━━━━━━━━━━━━━━━━━━━━━━
2026-02-12 19:58:16,211 - INFO - ✅ 웹소켓 연결 성공!
2026-02-12 19:58:16,211 - INFO - ✅ 재연결 성공!
2026-02-12 19:58:16,919 - INFO - 🔄 2개 종목 재구독 중...
2026-02-12 19:58:16,982 - ERROR - ⚠️  웹소켓 에러: [WinError 10054] 현재 연결은 원격 호스트에 의해 강제로 끊겼습니다
2026-02-12 19:58:16,984 - ERROR - [WinError 10054] 현재 연결은 원격 호스트에 의해 강제로 끊겼습니다 - goodbye
2026-02-12 19:58:16,984 - WARNING - ⚠️  웹소켓 종료! (코드: None, 메시지: None)
2026-02-12 19:58:17,121 - INFO - ✅ 4개 구독 복원 완료
2026-02-13 21:49:28,249 - INFO - 
============================================================
2026-02-13 21:49:28,249 - INFO - 🚀 트레이딩 봇 v6.2.7 시작
2026-02-13 21:49:28,249 - INFO - ============================================================
2026-02-13 21:49:28,249 - INFO - 
STEP 1: 환경변수 검증
2026-02-13 21:49:28,249 - INFO - ✅ 환경변수 검증 완료
2026-02-13 21:49:28,250 - INFO - 
STEP 2: OrderManager 시작
2026-02-13 21:49:28,250 - INFO - ✅ OrderManager 시작 (이벤트 기반 체결 확인)
2026-02-13 21:49:28,250 - INFO - 
STEP 3: 토큰 발급
2026-02-13 21:49:28,251 - INFO - ⚠️  캐시된 토큰 만료 또는 여유 시간 부족
2026-02-13 21:49:28,251 - INFO - 🔑 새 토큰 발급 중...
2026-02-13 21:49:28,251 - INFO -    시도 (1/3)...
2026-02-13 21:49:28,767 - INFO - ✅ 토큰 발급 성공 (만료: 21:44:28)
2026-02-13 21:49:28,768 - INFO - ✅ 토큰 발급 성공
2026-02-13 21:49:28,769 - INFO - 
STEP 4: 웹소켓 접속키 발급
2026-02-13 21:49:28,769 - INFO - 🔐 접속키 발급 시도 (1/10)...
2026-02-13 21:49:29,118 - INFO - ✅ 접속키 발급 성공: 711a24c0-9835-4ef6-a...
2026-02-13 21:49:29,120 - INFO - ⏳ 접속키 활성화 대기 중 (5초)...
2026-02-13 21:49:34,121 - INFO - ✅ 접속키 활성화 완료!
2026-02-13 21:49:34,121 - INFO - 
STEP 5: 계좌 정보 조회
2026-02-13 21:49:34,835 - INFO - 💰 현금: 0원 | 보유: 0개 | 총자산: 0원
2026-02-13 21:49:34,835 - INFO - 
STEP 6: 데이터 저장소 초기화
2026-02-13 21:49:34,837 - INFO - 
STEP 7: 웹소켓 연결
2026-02-13 21:49:34,837 - INFO - 🔌 웹소켓 연결 시도 1/3
2026-02-13 21:49:34,838 - INFO - 🔌 웹소켓 연결 시도...
2026-02-13 21:49:34,839 - INFO - 📍 URL: ws://ops.koreainvestment.com:21000
2026-02-13 21:49:34,839 - INFO - 🔑 접속키: 711a24c0-9835-4ef6-a...
2026-02-13 21:49:34,872 - INFO - Websocket connected
2026-02-13 21:49:34,873 - INFO - ━━━━━━━━━━━━━━━━━━━━━━━━━━━━━━━
2026-02-13 21:49:34,873 - INFO - ✅ 웹소켓 연결 성공!
2026-02-13 21:49:34,874 - INFO -    URL: ws://ops.koreainvestment.com:21000
2026-02-13 21:49:34,874 - INFO -    접속키: 711a24c0-9835-4ef6-a...
2026-02-13 21:49:34,875 - INFO - ━━━━━━━━━━━━━━━━━━━━━━━━━━━━━━━
2026-02-13 21:49:35,341 - INFO - ✅ 웹소켓 연결 성공!
2026-02-13 21:49:35,341 - INFO - 
STEP 8: 종목 사전 구독
2026-02-13 21:49:35,712 - INFO - ✅ 거래량 상위 23개 종목 조회
2026-02-13 21:49:35,712 - INFO - 🔍 23개 종목 사전 구독 중...
2026-02-13 21:49:36,221 - INFO -   진행: 10/23
2026-02-13 21:49:36,729 - INFO -   진행: 20/23
2026-02-13 21:49:36,882 - INFO - 
✅ 사전 구독 완료
2026-02-13 21:49:37,436 - INFO - 
STEP 9: 메인 루프 시작
2026-02-13 21:49:37,437 - INFO - ============================================================
